mode: set
testing/test/main.go:5.13,8.2 1 0
testing/test/main.go:10.27,12.23 2 1
testing/test/main.go:15.2,15.12 1 1
testing/test/main.go:12.23,14.3 1 1
